[popgym_fly_MultiarmedBanditEasy_s0] MultiarmedBanditEasy memory=fly params=0.15M B=64 L=128 device=cuda
ep    1 steps   0.01M  mean_ep     nan  MMER -1000000000.000  eps    0      451 steps/s
ep    2 steps   0.02M  mean_ep   0.004  MMER   0.004  eps   64      689 steps/s
ep    3 steps   0.02M  mean_ep     nan  MMER   0.004  eps    0      836 steps/s
ep    4 steps   0.03M  mean_ep  -0.008  MMER   0.004  eps   64      927 steps/s
ep    5 steps   0.04M  mean_ep   0.020  MMER   0.020  eps   64      959 steps/s
ep    6 steps   0.05M  mean_ep     nan  MMER   0.020  eps    0      978 steps/s
ep    7 steps   0.06M  mean_ep  -0.007  MMER   0.020  eps   64      990 steps/s
ep    8 steps   0.07M  mean_ep   0.044  MMER   0.044  eps   64     1003 steps/s
ep    9 steps   0.07M  mean_ep     nan  MMER   0.044  eps    0     1012 steps/s
ep   10 steps   0.08M  mean_ep  -0.010  MMER   0.044  eps   64     1018 steps/s
ep   11 steps   0.09M  mean_ep   0.031  MMER   0.044  eps   64     1022 steps/s
ep   12 steps   0.10M  mean_ep     nan  MMER   0.044  eps    0     1021 steps/s
ep   13 steps   0.11M  mean_ep   0.016  MMER   0.044  eps   64     1026 steps/s
ep   14 steps   0.11M  mean_ep     nan  MMER   0.044  eps    0     1026 steps/s
ep   15 steps   0.12M  mean_ep   0.001  MMER   0.044  eps   64     1028 steps/s
ep   16 steps   0.13M  mean_ep  -0.020  MMER   0.044  eps   64     1030 steps/s
ep   17 steps   0.14M  mean_ep     nan  MMER   0.044  eps    0     1032 steps/s
ep   18 steps   0.15M  mean_ep   0.019  MMER   0.044  eps   64     1034 steps/s
ep   19 steps   0.16M  mean_ep  -0.012  MMER   0.044  eps   64     1037 steps/s
ep   20 steps   0.16M  mean_ep     nan  MMER   0.044  eps    0     1037 steps/s
ep   21 steps   0.17M  mean_ep  -0.003  MMER   0.044  eps   64     1038 steps/s
ep   22 steps   0.18M  mean_ep  -0.000  MMER   0.044  eps   64     1039 steps/s
ep   23 steps   0.19M  mean_ep     nan  MMER   0.044  eps    0     1041 steps/s
ep   24 steps   0.20M  mean_ep   0.003  MMER   0.044  eps   64     1043 steps/s
ep   25 steps   0.20M  mean_ep  -0.018  MMER   0.044  eps   64     1045 steps/s
ep   26 steps   0.21M  mean_ep     nan  MMER   0.044  eps    0     1046 steps/s
ep   27 steps   0.22M  mean_ep   0.011  MMER   0.044  eps   64     1045 steps/s
ep   28 steps   0.23M  mean_ep     nan  MMER   0.044  eps    0     1046 steps/s
ep   29 steps   0.24M  mean_ep   0.020  MMER   0.044  eps   64     1048 steps/s
ep   30 steps   0.25M  mean_ep  -0.001  MMER   0.044  eps   64     1048 steps/s
ep   31 steps   0.25M  mean_ep     nan  MMER   0.044  eps    0     1049 steps/s
ep   32 steps   0.26M  mean_ep   0.017  MMER   0.044  eps   64     1049 steps/s
ep   33 steps   0.27M  mean_ep   0.039  MMER   0.044  eps   64     1050 steps/s
ep   34 steps   0.28M  mean_ep     nan  MMER   0.044  eps    0     1052 steps/s
ep   35 steps   0.29M  mean_ep  -0.008  MMER   0.044  eps   64     1053 steps/s
ep   36 steps   0.29M  mean_ep  -0.010  MMER   0.044  eps   64     1054 steps/s
ep   37 steps   0.30M  mean_ep     nan  MMER   0.044  eps    0     1054 steps/s
ep   38 steps   0.31M  mean_ep  -0.031  MMER   0.044  eps   64     1056 steps/s
ep   39 steps   0.32M  mean_ep     nan  MMER   0.044  eps    0     1056 steps/s
ep   40 steps   0.33M  mean_ep  -0.025  MMER   0.044  eps   64     1056 steps/s
ep   41 steps   0.34M  mean_ep  -0.029  MMER   0.044  eps   64     1056 steps/s
ep   42 steps   0.34M  mean_ep     nan  MMER   0.044  eps    0     1055 steps/s
ep   43 steps   0.35M  mean_ep   0.021  MMER   0.044  eps   64     1055 steps/s
ep   44 steps   0.36M  mean_ep   0.026  MMER   0.044  eps   64     1054 steps/s
ep   45 steps   0.37M  mean_ep     nan  MMER   0.044  eps    0     1055 steps/s
ep   46 steps   0.38M  mean_ep  -0.001  MMER   0.044  eps   64     1055 steps/s
ep   47 steps   0.39M  mean_ep  -0.042  MMER   0.044  eps   64     1056 steps/s
ep   48 steps   0.39M  mean_ep     nan  MMER   0.044  eps    0     1057 steps/s
ep   49 steps   0.40M  mean_ep   0.002  MMER   0.044  eps   64     1057 steps/s
ep   50 steps   0.41M  mean_ep  -0.008  MMER   0.044  eps   64     1058 steps/s
ep   51 steps   0.42M  mean_ep     nan  MMER   0.044  eps    0     1058 steps/s
ep   52 steps   0.43M  mean_ep   0.001  MMER   0.044  eps   64     1059 steps/s
ep   53 steps   0.43M  mean_ep     nan  MMER   0.044  eps    0     1059 steps/s
ep   54 steps   0.44M  mean_ep   0.040  MMER   0.044  eps   64     1059 steps/s
ep   55 steps   0.45M  mean_ep   0.021  MMER   0.044  eps   64     1058 steps/s
ep   56 steps   0.46M  mean_ep     nan  MMER   0.044  eps    0     1058 steps/s
ep   57 steps   0.47M  mean_ep   0.001  MMER   0.044  eps   64     1057 steps/s
ep   58 steps   0.48M  mean_ep  -0.055  MMER   0.044  eps   64     1057 steps/s
ep   59 steps   0.48M  mean_ep     nan  MMER   0.044  eps    0     1056 steps/s
ep   60 steps   0.49M  mean_ep  -0.002  MMER   0.044  eps   64     1055 steps/s
ep   61 steps   0.50M  mean_ep  -0.007  MMER   0.044  eps   64     1053 steps/s
ep   62 steps   0.51M  mean_ep     nan  MMER   0.044  eps    0     1051 steps/s
ep   63 steps   0.52M  mean_ep  -0.010  MMER   0.044  eps   64     1050 steps/s
ep   64 steps   0.52M  mean_ep     nan  MMER   0.044  eps    0     1048 steps/s
ep   65 steps   0.53M  mean_ep  -0.036  MMER   0.044  eps   64     1047 steps/s
ep   66 steps   0.54M  mean_ep  -0.053  MMER   0.044  eps   64     1046 steps/s
ep   67 steps   0.55M  mean_ep     nan  MMER   0.044  eps    0     1044 steps/s
ep   68 steps   0.56M  mean_ep  -0.010  MMER   0.044  eps   64     1044 steps/s
ep   69 steps   0.57M  mean_ep  -0.005  MMER   0.044  eps   64     1044 steps/s
ep   70 steps   0.57M  mean_ep     nan  MMER   0.044  eps    0     1044 steps/s
ep   71 steps   0.58M  mean_ep   0.004  MMER   0.044  eps   64     1044 steps/s
ep   72 steps   0.59M  mean_ep   0.011  MMER   0.044  eps   64     1043 steps/s
ep   73 steps   0.60M  mean_ep     nan  MMER   0.044  eps    0     1042 steps/s
ep   74 steps   0.61M  mean_ep   0.028  MMER   0.044  eps   64     1041 steps/s
ep   75 steps   0.61M  mean_ep   0.007  MMER   0.044  eps   64     1040 steps/s
ep   76 steps   0.62M  mean_ep     nan  MMER   0.044  eps    0     1039 steps/s
ep   77 steps   0.63M  mean_ep  -0.006  MMER   0.044  eps   64     1038 steps/s
ep   78 steps   0.64M  mean_ep     nan  MMER   0.044  eps    0     1037 steps/s
ep   79 steps   0.65M  mean_ep  -0.023  MMER   0.044  eps   64     1036 steps/s
ep   80 steps   0.66M  mean_ep   0.040  MMER   0.044  eps   64     1035 steps/s
ep   81 steps   0.66M  mean_ep     nan  MMER   0.044  eps    0     1035 steps/s
ep   82 steps   0.67M  mean_ep  -0.012  MMER   0.044  eps   64     1035 steps/s
ep   83 steps   0.68M  mean_ep   0.029  MMER   0.044  eps   64     1035 steps/s
ep   84 steps   0.69M  mean_ep     nan  MMER   0.044  eps    0     1035 steps/s
ep   85 steps   0.70M  mean_ep   0.008  MMER   0.044  eps   64     1034 steps/s
ep   86 steps   0.70M  mean_ep  -0.002  MMER   0.044  eps   64     1033 steps/s
ep   87 steps   0.71M  mean_ep     nan  MMER   0.044  eps    0     1032 steps/s
ep   88 steps   0.72M  mean_ep  -0.004  MMER   0.044  eps   64     1031 steps/s
ep   89 steps   0.73M  mean_ep     nan  MMER   0.044  eps    0     1030 steps/s
ep   90 steps   0.74M  mean_ep   0.006  MMER   0.044  eps   64     1030 steps/s
ep   91 steps   0.75M  mean_ep   0.003  MMER   0.044  eps   64     1029 steps/s
ep   92 steps   0.75M  mean_ep     nan  MMER   0.044  eps    0     1028 steps/s
ep   93 steps   0.76M  mean_ep  -0.022  MMER   0.044  eps   64     1028 steps/s
ep   94 steps   0.77M  mean_ep   0.022  MMER   0.044  eps   64     1028 steps/s
ep   95 steps   0.78M  mean_ep     nan  MMER   0.044  eps    0     1029 steps/s
ep   96 steps   0.79M  mean_ep  -0.032  MMER   0.044  eps   64     1028 steps/s
ep   97 steps   0.79M  mean_ep  -0.032  MMER   0.044  eps   64     1028 steps/s
ep   98 steps   0.80M  mean_ep     nan  MMER   0.044  eps    0     1028 steps/s
ep   99 steps   0.81M  mean_ep  -0.011  MMER   0.044  eps   64     1027 steps/s
ep  100 steps   0.82M  mean_ep  -0.029  MMER   0.044  eps   64     1026 steps/s
ep  101 steps   0.83M  mean_ep     nan  MMER   0.044  eps    0     1026 steps/s
ep  102 steps   0.84M  mean_ep  -0.002  MMER   0.044  eps   64     1025 steps/s
ep  103 steps   0.84M  mean_ep     nan  MMER   0.044  eps    0     1025 steps/s
ep  104 steps   0.85M  mean_ep   0.027  MMER   0.044  eps   64     1024 steps/s
ep  105 steps   0.86M  mean_ep  -0.021  MMER   0.044  eps   64     1023 steps/s
ep  106 steps   0.87M  mean_ep     nan  MMER   0.044  eps    0     1023 steps/s
ep  107 steps   0.88M  mean_ep  -0.015  MMER   0.044  eps   64     1024 steps/s
ep  108 steps   0.88M  mean_ep   0.039  MMER   0.044  eps   64     1024 steps/s
ep  109 steps   0.89M  mean_ep     nan  MMER   0.044  eps    0     1024 steps/s
ep  110 steps   0.90M  mean_ep  -0.015  MMER   0.044  eps   64     1024 steps/s
ep  111 steps   0.91M  mean_ep  -0.032  MMER   0.044  eps   64     1023 steps/s
ep  112 steps   0.92M  mean_ep     nan  MMER   0.044  eps    0     1022 steps/s
ep  113 steps   0.93M  mean_ep  -0.020  MMER   0.044  eps   64     1022 steps/s
ep  114 steps   0.93M  mean_ep     nan  MMER   0.044  eps    0     1021 steps/s
ep  115 steps   0.94M  mean_ep  -0.012  MMER   0.044  eps   64     1021 steps/s
ep  116 steps   0.95M  mean_ep  -0.012  MMER   0.044  eps   64     1020 steps/s
ep  117 steps   0.96M  mean_ep     nan  MMER   0.044  eps    0     1020 steps/s
ep  118 steps   0.97M  mean_ep  -0.033  MMER   0.044  eps   64     1020 steps/s
ep  119 steps   0.97M  mean_ep  -0.002  MMER   0.044  eps   64     1020 steps/s
ep  120 steps   0.98M  mean_ep     nan  MMER   0.044  eps    0     1020 steps/s
ep  121 steps   0.99M  mean_ep  -0.021  MMER   0.044  eps   64     1020 steps/s
ep  122 steps   1.00M  mean_ep   0.018  MMER   0.044  eps   64     1020 steps/s
ep  123 steps   1.01M  mean_ep     nan  MMER   0.044  eps    0     1020 steps/s
ep  124 steps   1.02M  mean_ep  -0.062  MMER   0.044  eps   64     1020 steps/s
ep  125 steps   1.02M  mean_ep  -0.008  MMER   0.044  eps   64     1019 steps/s
ep  126 steps   1.03M  mean_ep     nan  MMER   0.044  eps    0     1019 steps/s
ep  127 steps   1.04M  mean_ep   0.007  MMER   0.044  eps   64     1018 steps/s
ep  128 steps   1.05M  mean_ep     nan  MMER   0.044  eps    0     1018 steps/s
ep  129 steps   1.06M  mean_ep   0.017  MMER   0.044  eps   64     1017 steps/s
ep  130 steps   1.06M  mean_ep   0.063  MMER   0.063  eps   64     1017 steps/s
ep  131 steps   1.07M  mean_ep     nan  MMER   0.063  eps    0     1017 steps/s
ep  132 steps   1.08M  mean_ep  -0.003  MMER   0.063  eps   64     1017 steps/s
ep  133 steps   1.09M  mean_ep   0.019  MMER   0.063  eps   64     1017 steps/s
ep  134 steps   1.10M  mean_ep     nan  MMER   0.063  eps    0     1017 steps/s
ep  135 steps   1.11M  mean_ep  -0.026  MMER   0.063  eps   64     1017 steps/s
ep  136 steps   1.11M  mean_ep   0.003  MMER   0.063  eps   64     1017 steps/s
ep  137 steps   1.12M  mean_ep     nan  MMER   0.063  eps    0     1017 steps/s
ep  138 steps   1.13M  mean_ep  -0.016  MMER   0.063  eps   64     1017 steps/s
ep  139 steps   1.14M  mean_ep     nan  MMER   0.063  eps    0     1017 steps/s
ep  140 steps   1.15M  mean_ep  -0.030  MMER   0.063  eps   64     1018 steps/s
ep  141 steps   1.16M  mean_ep  -0.004  MMER   0.063  eps   64     1018 steps/s
ep  142 steps   1.16M  mean_ep     nan  MMER   0.063  eps    0     1018 steps/s
ep  143 steps   1.17M  mean_ep   0.018  MMER   0.063  eps   64     1017 steps/s
ep  144 steps   1.18M  mean_ep   0.008  MMER   0.063  eps   64     1017 steps/s
ep  145 steps   1.19M  mean_ep     nan  MMER   0.063  eps    0     1016 steps/s
ep  146 steps   1.20M  mean_ep   0.012  MMER   0.063  eps   64     1016 steps/s
ep  147 steps   1.20M  mean_ep  -0.025  MMER   0.063  eps   64     1016 steps/s
ep  148 steps   1.21M  mean_ep     nan  MMER   0.063  eps    0     1015 steps/s
ep  149 steps   1.22M  mean_ep  -0.017  MMER   0.063  eps   64     1015 steps/s
ep  150 steps   1.23M  mean_ep   0.014  MMER   0.063  eps   64     1015 steps/s
ep  151 steps   1.24M  mean_ep     nan  MMER   0.063  eps    0     1015 steps/s
ep  152 steps   1.25M  mean_ep   0.027  MMER   0.063  eps   64     1015 steps/s
ep  153 steps   1.25M  mean_ep     nan  MMER   0.063  eps    0     1015 steps/s
ep  154 steps   1.26M  mean_ep  -0.043  MMER   0.063  eps   64     1015 steps/s
ep  155 steps   1.27M  mean_ep  -0.003  MMER   0.063  eps   64     1015 steps/s
ep  156 steps   1.28M  mean_ep     nan  MMER   0.063  eps    0     1014 steps/s
ep  157 steps   1.29M  mean_ep   0.012  MMER   0.063  eps   64     1014 steps/s
ep  158 steps   1.29M  mean_ep   0.005  MMER   0.063  eps   64     1014 steps/s
ep  159 steps   1.30M  mean_ep     nan  MMER   0.063  eps    0     1013 steps/s
ep  160 steps   1.31M  mean_ep   0.033  MMER   0.063  eps   64     1013 steps/s
ep  161 steps   1.32M  mean_ep   0.037  MMER   0.063  eps   64     1013 steps/s
ep  162 steps   1.33M  mean_ep     nan  MMER   0.063  eps    0     1012 steps/s
ep  163 steps   1.34M  mean_ep   0.074  MMER   0.074  eps   64     1013 steps/s
ep  164 steps   1.34M  mean_ep     nan  MMER   0.074  eps    0     1013 steps/s
ep  165 steps   1.35M  mean_ep   0.010  MMER   0.074  eps   64     1013 steps/s
ep  166 steps   1.36M  mean_ep   0.111  MMER   0.111  eps   64     1013 steps/s
ep  167 steps   1.37M  mean_ep     nan  MMER   0.111  eps    0     1013 steps/s
ep  168 steps   1.38M  mean_ep   0.057  MMER   0.111  eps   64     1013 steps/s
ep  169 steps   1.38M  mean_ep   0.042  MMER   0.111  eps   64     1012 steps/s
ep  170 steps   1.39M  mean_ep     nan  MMER   0.111  eps    0     1012 steps/s
ep  171 steps   1.40M  mean_ep   0.104  MMER   0.111  eps   64     1012 steps/s
ep  172 steps   1.41M  mean_ep   0.096  MMER   0.111  eps   64     1011 steps/s
ep  173 steps   1.42M  mean_ep     nan  MMER   0.111  eps    0     1011 steps/s
ep  174 steps   1.43M  mean_ep   0.188  MMER   0.188  eps   64     1011 steps/s
ep  175 steps   1.43M  mean_ep   0.069  MMER   0.188  eps   64     1011 steps/s
ep  176 steps   1.44M  mean_ep     nan  MMER   0.188  eps    0     1011 steps/s
ep  177 steps   1.45M  mean_ep   0.079  MMER   0.188  eps   64     1011 steps/s
ep  178 steps   1.46M  mean_ep     nan  MMER   0.188  eps    0     1011 steps/s
ep  179 steps   1.47M  mean_ep   0.254  MMER   0.254  eps   64     1011 steps/s
ep  180 steps   1.47M  mean_ep   0.139  MMER   0.254  eps   64     1011 steps/s
ep  181 steps   1.48M  mean_ep     nan  MMER   0.254  eps    0     1011 steps/s
ep  182 steps   1.49M  mean_ep   0.154  MMER   0.254  eps   64     1011 steps/s
ep  183 steps   1.50M  mean_ep   0.140  MMER   0.254  eps   64     1010 steps/s
ep  184 steps   1.51M  mean_ep     nan  MMER   0.254  eps    0     1010 steps/s
ep  185 steps   1.52M  mean_ep   0.207  MMER   0.254  eps   64     1010 steps/s
ep  186 steps   1.52M  mean_ep   0.166  MMER   0.254  eps   64     1010 steps/s
ep  187 steps   1.53M  mean_ep     nan  MMER   0.254  eps    0     1009 steps/s
ep  188 steps   1.54M  mean_ep   0.243  MMER   0.254  eps   64     1010 steps/s
ep  189 steps   1.55M  mean_ep     nan  MMER   0.254  eps    0     1009 steps/s
ep  190 steps   1.56M  mean_ep   0.151  MMER   0.254  eps   64     1010 steps/s
ep  191 steps   1.56M  mean_ep   0.123  MMER   0.254  eps   64     1010 steps/s
ep  192 steps   1.57M  mean_ep     nan  MMER   0.254  eps    0     1010 steps/s
ep  193 steps   1.58M  mean_ep   0.228  MMER   0.254  eps   64     1009 steps/s
ep  194 steps   1.59M  mean_ep   0.163  MMER   0.254  eps   64     1009 steps/s
ep  195 steps   1.60M  mean_ep     nan  MMER   0.254  eps    0     1009 steps/s
ep  196 steps   1.61M  mean_ep   0.137  MMER   0.254  eps   64     1009 steps/s
ep  197 steps   1.61M  mean_ep   0.214  MMER   0.254  eps   64     1008 steps/s
ep  198 steps   1.62M  mean_ep     nan  MMER   0.254  eps    0     1008 steps/s
ep  199 steps   1.63M  mean_ep   0.132  MMER   0.254  eps   64     1008 steps/s
ep  200 steps   1.64M  mean_ep   0.178  MMER   0.254  eps   64     1008 steps/s
ep  201 steps   1.65M  mean_ep     nan  MMER   0.254  eps    0     1008 steps/s
ep  202 steps   1.65M  mean_ep   0.226  MMER   0.254  eps   64     1008 steps/s
ep  203 steps   1.66M  mean_ep     nan  MMER   0.254  eps    0     1008 steps/s
ep  204 steps   1.67M  mean_ep   0.248  MMER   0.254  eps   64     1008 steps/s
ep  205 steps   1.68M  mean_ep   0.122  MMER   0.254  eps   64     1008 steps/s
ep  206 steps   1.69M  mean_ep     nan  MMER   0.254  eps    0     1008 steps/s
ep  207 steps   1.70M  mean_ep   0.249  MMER   0.254  eps   64     1008 steps/s
ep  208 steps   1.70M  mean_ep   0.202  MMER   0.254  eps   64     1008 steps/s
ep  209 steps   1.71M  mean_ep     nan  MMER   0.254  eps    0     1007 steps/s
ep  210 steps   1.72M  mean_ep   0.193  MMER   0.254  eps   64     1007 steps/s
ep  211 steps   1.73M  mean_ep   0.212  MMER   0.254  eps   64     1007 steps/s
ep  212 steps   1.74M  mean_ep     nan  MMER   0.254  eps    0     1007 steps/s
ep  213 steps   1.74M  mean_ep   0.243  MMER   0.254  eps   64     1007 steps/s
ep  214 steps   1.75M  mean_ep     nan  MMER   0.254  eps    0     1007 steps/s
ep  215 steps   1.76M  mean_ep   0.092  MMER   0.254  eps   64     1007 steps/s
ep  216 steps   1.77M  mean_ep   0.196  MMER   0.254  eps   64     1007 steps/s
ep  217 steps   1.78M  mean_ep     nan  MMER   0.254  eps    0     1007 steps/s
ep  218 steps   1.79M  mean_ep   0.170  MMER   0.254  eps   64     1007 steps/s
ep  219 steps   1.79M  mean_ep   0.157  MMER   0.254  eps   64     1007 steps/s
ep  220 steps   1.80M  mean_ep     nan  MMER   0.254  eps    0     1007 steps/s
ep  221 steps   1.81M  mean_ep   0.293  MMER   0.293  eps   64     1007 steps/s
ep  222 steps   1.82M  mean_ep   0.132  MMER   0.293  eps   64     1006 steps/s
ep  223 steps   1.83M  mean_ep     nan  MMER   0.293  eps    0     1006 steps/s
ep  224 steps   1.84M  mean_ep   0.218  MMER   0.293  eps   64     1006 steps/s
ep  225 steps   1.84M  mean_ep   0.190  MMER   0.293  eps   64     1006 steps/s
ep  226 steps   1.85M  mean_ep     nan  MMER   0.293  eps    0     1006 steps/s
ep  227 steps   1.86M  mean_ep   0.157  MMER   0.293  eps   64     1006 steps/s
ep  228 steps   1.87M  mean_ep     nan  MMER   0.293  eps    0     1006 steps/s
ep  229 steps   1.88M  mean_ep   0.190  MMER   0.293  eps   64     1006 steps/s
ep  230 steps   1.88M  mean_ep   0.270  MMER   0.293  eps   64     1006 steps/s
ep  231 steps   1.89M  mean_ep     nan  MMER   0.293  eps    0     1006 steps/s
ep  232 steps   1.90M  mean_ep   0.199  MMER   0.293  eps   64     1006 steps/s
ep  233 steps   1.91M  mean_ep   0.260  MMER   0.293  eps   64     1005 steps/s
ep  234 steps   1.92M  mean_ep     nan  MMER   0.293  eps    0     1005 steps/s
ep  235 steps   1.93M  mean_ep   0.162  MMER   0.293  eps   64     1005 steps/s
ep  236 steps   1.93M  mean_ep   0.198  MMER   0.293  eps   64     1005 steps/s
ep  237 steps   1.94M  mean_ep     nan  MMER   0.293  eps    0     1005 steps/s
ep  238 steps   1.95M  mean_ep   0.229  MMER   0.293  eps   64     1005 steps/s
ep  239 steps   1.96M  mean_ep     nan  MMER   0.293  eps    0     1005 steps/s
ep  240 steps   1.97M  mean_ep   0.177  MMER   0.293  eps   64     1005 steps/s
ep  241 steps   1.97M  mean_ep   0.215  MMER   0.293  eps   64     1005 steps/s
ep  242 steps   1.98M  mean_ep     nan  MMER   0.293  eps    0     1005 steps/s
ep  243 steps   1.99M  mean_ep   0.141  MMER   0.293  eps   64     1005 steps/s
ep  244 steps   2.00M  mean_ep   0.192  MMER   0.293  eps   64     1005 steps/s
ep  245 steps   2.01M  mean_ep     nan  MMER   0.293  eps    0     1005 steps/s
ep  246 steps   2.02M  mean_ep   0.155  MMER   0.293  eps   64     1005 steps/s
ep  247 steps   2.02M  mean_ep   0.121  MMER   0.293  eps   64     1004 steps/s
ep  248 steps   2.03M  mean_ep     nan  MMER   0.293  eps    0     1004 steps/s
ep  249 steps   2.04M  mean_ep   0.205  MMER   0.293  eps   64     1004 steps/s
ep  250 steps   2.05M  mean_ep   0.290  MMER   0.293  eps   64     1004 steps/s
ep  251 steps   2.06M  mean_ep     nan  MMER   0.293  eps    0     1004 steps/s
ep  252 steps   2.06M  mean_ep   0.243  MMER   0.293  eps   64     1004 steps/s
ep  253 steps   2.07M  mean_ep     nan  MMER   0.293  eps    0     1004 steps/s
ep  254 steps   2.08M  mean_ep   0.216  MMER   0.293  eps   64     1004 steps/s
ep  255 steps   2.09M  mean_ep   0.195  MMER   0.293  eps   64     1004 steps/s
ep  256 steps   2.10M  mean_ep     nan  MMER   0.293  eps    0     1004 steps/s
ep  257 steps   2.11M  mean_ep   0.172  MMER   0.293  eps   64     1004 steps/s
ep  258 steps   2.11M  mean_ep   0.166  MMER   0.293  eps   64     1004 steps/s
ep  259 steps   2.12M  mean_ep     nan  MMER   0.293  eps    0     1004 steps/s
ep  260 steps   2.13M  mean_ep   0.224  MMER   0.293  eps   64     1004 steps/s
ep  261 steps   2.14M  mean_ep   0.268  MMER   0.293  eps   64     1004 steps/s
ep  262 steps   2.15M  mean_ep     nan  MMER   0.293  eps    0     1003 steps/s
ep  263 steps   2.15M  mean_ep   0.214  MMER   0.293  eps   64     1003 steps/s
ep  264 steps   2.16M  mean_ep     nan  MMER   0.293  eps    0     1003 steps/s
ep  265 steps   2.17M  mean_ep   0.200  MMER   0.293  eps   64     1003 steps/s
ep  266 steps   2.18M  mean_ep   0.194  MMER   0.293  eps   64     1003 steps/s
ep  267 steps   2.19M  mean_ep     nan  MMER   0.293  eps    0     1003 steps/s
ep  268 steps   2.20M  mean_ep   0.254  MMER   0.293  eps   64     1003 steps/s
ep  269 steps   2.20M  mean_ep   0.258  MMER   0.293  eps   64     1003 steps/s
ep  270 steps   2.21M  mean_ep     nan  MMER   0.293  eps    0     1003 steps/s
ep  271 steps   2.22M  mean_ep   0.117  MMER   0.293  eps   64     1003 steps/s
ep  272 steps   2.23M  mean_ep   0.203  MMER   0.293  eps   64     1003 steps/s
ep  273 steps   2.24M  mean_ep     nan  MMER   0.293  eps    0     1003 steps/s
ep  274 steps   2.24M  mean_ep   0.219  MMER   0.293  eps   64     1003 steps/s
ep  275 steps   2.25M  mean_ep   0.282  MMER   0.293  eps   64     1003 steps/s
ep  276 steps   2.26M  mean_ep     nan  MMER   0.293  eps    0     1003 steps/s
ep  277 steps   2.27M  mean_ep   0.208  MMER   0.293  eps   64     1003 steps/s
ep  278 steps   2.28M  mean_ep     nan  MMER   0.293  eps    0     1003 steps/s
ep  279 steps   2.29M  mean_ep   0.220  MMER   0.293  eps   64     1003 steps/s
ep  280 steps   2.29M  mean_ep   0.189  MMER   0.293  eps   64     1003 steps/s
ep  281 steps   2.30M  mean_ep     nan  MMER   0.293  eps    0     1003 steps/s
ep  282 steps   2.31M  mean_ep   0.157  MMER   0.293  eps   64     1003 steps/s
ep  283 steps   2.32M  mean_ep   0.255  MMER   0.293  eps   64     1003 steps/s
ep  284 steps   2.33M  mean_ep     nan  MMER   0.293  eps    0     1003 steps/s
ep  285 steps   2.33M  mean_ep   0.188  MMER   0.293  eps   64     1002 steps/s
ep  286 steps   2.34M  mean_ep   0.234  MMER   0.293  eps   64     1002 steps/s
ep  287 steps   2.35M  mean_ep     nan  MMER   0.293  eps    0     1002 steps/s
ep  288 steps   2.36M  mean_ep   0.271  MMER   0.293  eps   64     1002 steps/s
ep  289 steps   2.37M  mean_ep     nan  MMER   0.293  eps    0     1002 steps/s
ep  290 steps   2.38M  mean_ep   0.225  MMER   0.293  eps   64     1002 steps/s
ep  291 steps   2.38M  mean_ep   0.214  MMER   0.293  eps   64     1002 steps/s
ep  292 steps   2.39M  mean_ep     nan  MMER   0.293  eps    0     1002 steps/s
ep  293 steps   2.40M  mean_ep   0.228  MMER   0.293  eps   64     1002 steps/s
ep  294 steps   2.41M  mean_ep   0.252  MMER   0.293  eps   64     1002 steps/s
ep  295 steps   2.42M  mean_ep     nan  MMER   0.293  eps    0     1002 steps/s
ep  296 steps   2.42M  mean_ep   0.297  MMER   0.297  eps   64     1002 steps/s
ep  297 steps   2.43M  mean_ep   0.209  MMER   0.297  eps   64     1002 steps/s
ep  298 steps   2.44M  mean_ep     nan  MMER   0.297  eps    0     1002 steps/s
ep  299 steps   2.45M  mean_ep   0.109  MMER   0.297  eps   64     1002 steps/s
ep  300 steps   2.46M  mean_ep   0.151  MMER   0.297  eps   64     1002 steps/s
ep  301 steps   2.47M  mean_ep     nan  MMER   0.297  eps    0     1001 steps/s
ep  302 steps   2.47M  mean_ep   0.221  MMER   0.297  eps   64     1001 steps/s
ep  303 steps   2.48M  mean_ep     nan  MMER   0.297  eps    0     1001 steps/s
ep  304 steps   2.49M  mean_ep   0.228  MMER   0.297  eps   64     1002 steps/s
ep  305 steps   2.50M  mean_ep   0.240  MMER   0.297  eps   64     1002 steps/s
ep  306 steps   2.51M  mean_ep     nan  MMER   0.297  eps    0     1002 steps/s
ep  307 steps   2.51M  mean_ep   0.210  MMER   0.297  eps   64     1002 steps/s
ep  308 steps   2.52M  mean_ep   0.115  MMER   0.297  eps   64     1001 steps/s
ep  309 steps   2.53M  mean_ep     nan  MMER   0.297  eps    0     1001 steps/s
ep  310 steps   2.54M  mean_ep   0.258  MMER   0.297  eps   64     1001 steps/s
ep  311 steps   2.55M  mean_ep   0.255  MMER   0.297  eps   64     1001 steps/s
ep  312 steps   2.56M  mean_ep     nan  MMER   0.297  eps    0     1001 steps/s
ep  313 steps   2.56M  mean_ep   0.251  MMER   0.297  eps   64     1001 steps/s
ep  314 steps   2.57M  mean_ep     nan  MMER   0.297  eps    0     1001 steps/s
ep  315 steps   2.58M  mean_ep   0.224  MMER   0.297  eps   64     1001 steps/s
ep  316 steps   2.59M  mean_ep   0.247  MMER   0.297  eps   64     1001 steps/s
ep  317 steps   2.60M  mean_ep     nan  MMER   0.297  eps    0     1001 steps/s
ep  318 steps   2.61M  mean_ep   0.355  MMER   0.355  eps   64     1001 steps/s
ep  319 steps   2.61M  mean_ep   0.217  MMER   0.355  eps   64     1001 steps/s
ep  320 steps   2.62M  mean_ep     nan  MMER   0.355  eps    0     1001 steps/s
ep  321 steps   2.63M  mean_ep   0.201  MMER   0.355  eps   64     1001 steps/s
ep  322 steps   2.64M  mean_ep   0.272  MMER   0.355  eps   64     1001 steps/s
ep  323 steps   2.65M  mean_ep     nan  MMER   0.355  eps    0     1001 steps/s
ep  324 steps   2.65M  mean_ep   0.211  MMER   0.355  eps   64     1000 steps/s
ep  325 steps   2.66M  mean_ep   0.199  MMER   0.355  eps   64     1000 steps/s
ep  326 steps   2.67M  mean_ep     nan  MMER   0.355  eps    0     1000 steps/s
ep  327 steps   2.68M  mean_ep   0.231  MMER   0.355  eps   64     1000 steps/s
ep  328 steps   2.69M  mean_ep     nan  MMER   0.355  eps    0     1000 steps/s
ep  329 steps   2.70M  mean_ep   0.198  MMER   0.355  eps   64     1000 steps/s
ep  330 steps   2.70M  mean_ep   0.199  MMER   0.355  eps   64     1001 steps/s
ep  331 steps   2.71M  mean_ep     nan  MMER   0.355  eps    0     1001 steps/s
ep  332 steps   2.72M  mean_ep   0.235  MMER   0.355  eps   64     1001 steps/s
ep  333 steps   2.73M  mean_ep   0.265  MMER   0.355  eps   64     1000 steps/s
ep  334 steps   2.74M  mean_ep     nan  MMER   0.355  eps    0     1000 steps/s
ep  335 steps   2.74M  mean_ep   0.264  MMER   0.355  eps   64     1000 steps/s
ep  336 steps   2.75M  mean_ep   0.244  MMER   0.355  eps   64     1000 steps/s
ep  337 steps   2.76M  mean_ep     nan  MMER   0.355  eps    0     1000 steps/s
ep  338 steps   2.77M  mean_ep   0.258  MMER   0.355  eps   64     1000 steps/s
ep  339 steps   2.78M  mean_ep     nan  MMER   0.355  eps    0     1000 steps/s
ep  340 steps   2.79M  mean_ep   0.253  MMER   0.355  eps   64     1000 steps/s
ep  341 steps   2.79M  mean_ep   0.189  MMER   0.355  eps   64     1000 steps/s
ep  342 steps   2.80M  mean_ep     nan  MMER   0.355  eps    0     1000 steps/s
ep  343 steps   2.81M  mean_ep   0.279  MMER   0.355  eps   64     1000 steps/s
ep  344 steps   2.82M  mean_ep   0.195  MMER   0.355  eps   64     1000 steps/s
ep  345 steps   2.83M  mean_ep     nan  MMER   0.355  eps    0     1000 steps/s
ep  346 steps   2.83M  mean_ep   0.187  MMER   0.355  eps   64     1000 steps/s
ep  347 steps   2.84M  mean_ep   0.200  MMER   0.355  eps   64     1000 steps/s
ep  348 steps   2.85M  mean_ep     nan  MMER   0.355  eps    0     1000 steps/s
ep  349 steps   2.86M  mean_ep   0.229  MMER   0.355  eps   64     1000 steps/s
ep  350 steps   2.87M  mean_ep   0.217  MMER   0.355  eps   64     1002 steps/s
ep  351 steps   2.88M  mean_ep     nan  MMER   0.355  eps    0     1003 steps/s
ep  352 steps   2.88M  mean_ep   0.277  MMER   0.355  eps   64     1004 steps/s
ep  353 steps   2.89M  mean_ep     nan  MMER   0.355  eps    0     1004 steps/s
ep  354 steps   2.90M  mean_ep   0.297  MMER   0.355  eps   64     1005 steps/s
ep  355 steps   2.91M  mean_ep   0.181  MMER   0.355  eps   64     1006 steps/s
ep  356 steps   2.92M  mean_ep     nan  MMER   0.355  eps    0     1006 steps/s
ep  357 steps   2.92M  mean_ep   0.235  MMER   0.355  eps   64     1006 steps/s
ep  358 steps   2.93M  mean_ep   0.265  MMER   0.355  eps   64     1007 steps/s
ep  359 steps   2.94M  mean_ep     nan  MMER   0.355  eps    0     1007 steps/s
ep  360 steps   2.95M  mean_ep   0.190  MMER   0.355  eps   64     1007 steps/s
ep  361 steps   2.96M  mean_ep   0.226  MMER   0.355  eps   64     1007 steps/s
ep  362 steps   2.97M  mean_ep     nan  MMER   0.355  eps    0     1007 steps/s
ep  363 steps   2.97M  mean_ep   0.182  MMER   0.355  eps   64     1007 steps/s
ep  364 steps   2.98M  mean_ep     nan  MMER   0.355  eps    0     1007 steps/s
ep  365 steps   2.99M  mean_ep   0.274  MMER   0.355  eps   64     1007 steps/s
ep  366 steps   3.00M  mean_ep   0.360  MMER   0.360  eps   64     1007 steps/s
ep  367 steps   3.01M  mean_ep     nan  MMER   0.360  eps    0     1008 steps/s
done: MMER 0.360 in 2984s
