[popgym_gru_MultiarmedBanditEasy_s0] MultiarmedBanditEasy memory=gru params=0.15M B=64 L=128 device=cpu
ep    1 steps   0.01M  mean_ep     nan  MMER -1000000000.000  eps    0     4959 steps/s
ep    2 steps   0.02M  mean_ep   0.007  MMER   0.007  eps   64     5142 steps/s
ep    3 steps   0.02M  mean_ep     nan  MMER   0.007  eps    0     5187 steps/s
ep    4 steps   0.03M  mean_ep  -0.012  MMER   0.007  eps   64     5210 steps/s
ep    5 steps   0.04M  mean_ep   0.023  MMER   0.023  eps   64     5214 steps/s
ep    6 steps   0.05M  mean_ep     nan  MMER   0.023  eps    0     5225 steps/s
ep    7 steps   0.06M  mean_ep  -0.002  MMER   0.023  eps   64     5236 steps/s
ep    8 steps   0.07M  mean_ep   0.052  MMER   0.052  eps   64     5241 steps/s
ep    9 steps   0.07M  mean_ep     nan  MMER   0.052  eps    0     5236 steps/s
ep   10 steps   0.08M  mean_ep   0.003  MMER   0.052  eps   64     5223 steps/s
ep   11 steps   0.09M  mean_ep   0.017  MMER   0.052  eps   64     5193 steps/s
ep   12 steps   0.10M  mean_ep     nan  MMER   0.052  eps    0     5167 steps/s
ep   13 steps   0.11M  mean_ep   0.015  MMER   0.052  eps   64     5149 steps/s
ep   14 steps   0.11M  mean_ep     nan  MMER   0.052  eps    0     5149 steps/s
ep   15 steps   0.12M  mean_ep   0.002  MMER   0.052  eps   64     5145 steps/s
ep   16 steps   0.13M  mean_ep  -0.017  MMER   0.052  eps   64     5140 steps/s
ep   17 steps   0.14M  mean_ep     nan  MMER   0.052  eps    0     5135 steps/s
ep   18 steps   0.15M  mean_ep   0.003  MMER   0.052  eps   64     5108 steps/s
ep   19 steps   0.16M  mean_ep  -0.010  MMER   0.052  eps   64     5101 steps/s
ep   20 steps   0.16M  mean_ep     nan  MMER   0.052  eps    0     5093 steps/s
ep   21 steps   0.17M  mean_ep   0.008  MMER   0.052  eps   64     5086 steps/s
ep   22 steps   0.18M  mean_ep   0.002  MMER   0.052  eps   64     5077 steps/s
ep   23 steps   0.19M  mean_ep     nan  MMER   0.052  eps    0     5060 steps/s
ep   24 steps   0.20M  mean_ep   0.002  MMER   0.052  eps   64     5048 steps/s
ep   25 steps   0.20M  mean_ep  -0.010  MMER   0.052  eps   64     5038 steps/s
ep   26 steps   0.21M  mean_ep     nan  MMER   0.052  eps    0     5030 steps/s
ep   27 steps   0.22M  mean_ep   0.008  MMER   0.052  eps   64     5024 steps/s
ep   28 steps   0.23M  mean_ep     nan  MMER   0.052  eps    0     5018 steps/s
ep   29 steps   0.24M  mean_ep   0.016  MMER   0.052  eps   64     5009 steps/s
ep   30 steps   0.25M  mean_ep   0.006  MMER   0.052  eps   64     5003 steps/s
ep   31 steps   0.25M  mean_ep     nan  MMER   0.052  eps    0     4998 steps/s
ep   32 steps   0.26M  mean_ep   0.018  MMER   0.052  eps   64     4994 steps/s
ep   33 steps   0.27M  mean_ep   0.041  MMER   0.052  eps   64     4989 steps/s
ep   34 steps   0.28M  mean_ep     nan  MMER   0.052  eps    0     4977 steps/s
ep   35 steps   0.29M  mean_ep   0.002  MMER   0.052  eps   64     4951 steps/s
ep   36 steps   0.29M  mean_ep  -0.004  MMER   0.052  eps   64     4939 steps/s
ep   37 steps   0.30M  mean_ep     nan  MMER   0.052  eps    0     4932 steps/s
ep   38 steps   0.31M  mean_ep  -0.021  MMER   0.052  eps   64     4925 steps/s
ep   39 steps   0.32M  mean_ep     nan  MMER   0.052  eps    0     4919 steps/s
ep   40 steps   0.33M  mean_ep  -0.025  MMER   0.052  eps   64     4910 steps/s
ep   41 steps   0.34M  mean_ep  -0.020  MMER   0.052  eps   64     4903 steps/s
ep   42 steps   0.34M  mean_ep     nan  MMER   0.052  eps    0     4897 steps/s
ep   43 steps   0.35M  mean_ep   0.008  MMER   0.052  eps   64     4890 steps/s
ep   44 steps   0.36M  mean_ep   0.019  MMER   0.052  eps   64     4884 steps/s
ep   45 steps   0.37M  mean_ep     nan  MMER   0.052  eps    0     4880 steps/s
ep   46 steps   0.38M  mean_ep   0.002  MMER   0.052  eps   64     4874 steps/s
ep   47 steps   0.39M  mean_ep  -0.029  MMER   0.052  eps   64     4867 steps/s
ep   48 steps   0.39M  mean_ep     nan  MMER   0.052  eps    0     4863 steps/s
ep   49 steps   0.40M  mean_ep  -0.001  MMER   0.052  eps   64     4858 steps/s
ep   50 steps   0.41M  mean_ep  -0.014  MMER   0.052  eps   64     4853 steps/s
ep   51 steps   0.42M  mean_ep     nan  MMER   0.052  eps    0     4840 steps/s
ep   52 steps   0.43M  mean_ep   0.001  MMER   0.052  eps   64     4835 steps/s
ep   53 steps   0.43M  mean_ep     nan  MMER   0.052  eps    0     4831 steps/s
ep   54 steps   0.44M  mean_ep   0.042  MMER   0.052  eps   64     4828 steps/s
ep   55 steps   0.45M  mean_ep   0.032  MMER   0.052  eps   64     4826 steps/s
ep   56 steps   0.46M  mean_ep     nan  MMER   0.052  eps    0     4824 steps/s
ep   57 steps   0.47M  mean_ep  -0.000  MMER   0.052  eps   64     4820 steps/s
ep   58 steps   0.48M  mean_ep  -0.059  MMER   0.052  eps   64     4816 steps/s
ep   59 steps   0.48M  mean_ep     nan  MMER   0.052  eps    0     4813 steps/s
ep   60 steps   0.49M  mean_ep  -0.013  MMER   0.052  eps   64     4810 steps/s
ep   61 steps   0.50M  mean_ep  -0.021  MMER   0.052  eps   64     4808 steps/s
ep   62 steps   0.51M  mean_ep     nan  MMER   0.052  eps    0     4806 steps/s
ep   63 steps   0.52M  mean_ep  -0.008  MMER   0.052  eps   64     4804 steps/s
ep   64 steps   0.52M  mean_ep     nan  MMER   0.052  eps    0     4801 steps/s
ep   65 steps   0.53M  mean_ep  -0.049  MMER   0.052  eps   64     4800 steps/s
ep   66 steps   0.54M  mean_ep  -0.048  MMER   0.052  eps   64     4797 steps/s
ep   67 steps   0.55M  mean_ep     nan  MMER   0.052  eps    0     4796 steps/s
ep   68 steps   0.56M  mean_ep  -0.021  MMER   0.052  eps   64     4787 steps/s
ep   69 steps   0.57M  mean_ep  -0.010  MMER   0.052  eps   64     4784 steps/s
ep   70 steps   0.57M  mean_ep     nan  MMER   0.052  eps    0     4781 steps/s
ep   71 steps   0.58M  mean_ep   0.008  MMER   0.052  eps   64     4780 steps/s
ep   72 steps   0.59M  mean_ep   0.002  MMER   0.052  eps   64     4779 steps/s
ep   73 steps   0.60M  mean_ep     nan  MMER   0.052  eps    0     4778 steps/s
ep   74 steps   0.61M  mean_ep   0.023  MMER   0.052  eps   64     4776 steps/s
ep   75 steps   0.61M  mean_ep   0.020  MMER   0.052  eps   64     4774 steps/s
ep   76 steps   0.62M  mean_ep     nan  MMER   0.052  eps    0     4773 steps/s
ep   77 steps   0.63M  mean_ep  -0.004  MMER   0.052  eps   64     4772 steps/s
ep   78 steps   0.64M  mean_ep     nan  MMER   0.052  eps    0     4771 steps/s
ep   79 steps   0.65M  mean_ep  -0.014  MMER   0.052  eps   64     4771 steps/s
ep   80 steps   0.66M  mean_ep   0.044  MMER   0.052  eps   64     4769 steps/s
ep   81 steps   0.66M  mean_ep     nan  MMER   0.052  eps    0     4767 steps/s
ep   82 steps   0.67M  mean_ep   0.011  MMER   0.052  eps   64     4766 steps/s
ep   83 steps   0.68M  mean_ep   0.025  MMER   0.052  eps   64     4766 steps/s
ep   84 steps   0.69M  mean_ep     nan  MMER   0.052  eps    0     4765 steps/s
ep   85 steps   0.70M  mean_ep   0.017  MMER   0.052  eps   64     4759 steps/s
ep   86 steps   0.70M  mean_ep  -0.008  MMER   0.052  eps   64     4757 steps/s
ep   87 steps   0.71M  mean_ep     nan  MMER   0.052  eps    0     4756 steps/s
ep   88 steps   0.72M  mean_ep   0.001  MMER   0.052  eps   64     4758 steps/s
ep   89 steps   0.73M  mean_ep     nan  MMER   0.052  eps    0     4759 steps/s
ep   90 steps   0.74M  mean_ep   0.018  MMER   0.052  eps   64     4761 steps/s
ep   91 steps   0.75M  mean_ep   0.017  MMER   0.052  eps   64     4761 steps/s
ep   92 steps   0.75M  mean_ep     nan  MMER   0.052  eps    0     4762 steps/s
ep   93 steps   0.76M  mean_ep  -0.020  MMER   0.052  eps   64     4760 steps/s
ep   94 steps   0.77M  mean_ep   0.030  MMER   0.052  eps   64     4760 steps/s
ep   95 steps   0.78M  mean_ep     nan  MMER   0.052  eps    0     4761 steps/s
ep   96 steps   0.79M  mean_ep  -0.029  MMER   0.052  eps   64     4762 steps/s
ep   97 steps   0.79M  mean_ep  -0.039  MMER   0.052  eps   64     4763 steps/s
ep   98 steps   0.80M  mean_ep     nan  MMER   0.052  eps    0     4764 steps/s
ep   99 steps   0.81M  mean_ep   0.008  MMER   0.052  eps   64     4765 steps/s
ep  100 steps   0.82M  mean_ep  -0.027  MMER   0.052  eps   64     4766 steps/s
ep  101 steps   0.83M  mean_ep     nan  MMER   0.052  eps    0     4764 steps/s
ep  102 steps   0.84M  mean_ep  -0.015  MMER   0.052  eps   64     4765 steps/s
ep  103 steps   0.84M  mean_ep     nan  MMER   0.052  eps    0     4765 steps/s
ep  104 steps   0.85M  mean_ep   0.034  MMER   0.052  eps   64     4765 steps/s
ep  105 steps   0.86M  mean_ep  -0.012  MMER   0.052  eps   64     4766 steps/s
ep  106 steps   0.87M  mean_ep     nan  MMER   0.052  eps    0     4767 steps/s
ep  107 steps   0.88M  mean_ep  -0.019  MMER   0.052  eps   64     4768 steps/s
ep  108 steps   0.88M  mean_ep   0.035  MMER   0.052  eps   64     4769 steps/s
ep  109 steps   0.89M  mean_ep     nan  MMER   0.052  eps    0     4769 steps/s
ep  110 steps   0.90M  mean_ep  -0.032  MMER   0.052  eps   64     4769 steps/s
ep  111 steps   0.91M  mean_ep  -0.044  MMER   0.052  eps   64     4770 steps/s
ep  112 steps   0.92M  mean_ep     nan  MMER   0.052  eps    0     4770 steps/s
ep  113 steps   0.93M  mean_ep  -0.019  MMER   0.052  eps   64     4771 steps/s
ep  114 steps   0.93M  mean_ep     nan  MMER   0.052  eps    0     4771 steps/s
ep  115 steps   0.94M  mean_ep  -0.030  MMER   0.052  eps   64     4771 steps/s
ep  116 steps   0.95M  mean_ep  -0.019  MMER   0.052  eps   64     4771 steps/s
ep  117 steps   0.96M  mean_ep     nan  MMER   0.052  eps    0     4771 steps/s
ep  118 steps   0.97M  mean_ep  -0.035  MMER   0.052  eps   64     4772 steps/s
ep  119 steps   0.97M  mean_ep   0.005  MMER   0.052  eps   64     4769 steps/s
ep  120 steps   0.98M  mean_ep     nan  MMER   0.052  eps    0     4769 steps/s
ep  121 steps   0.99M  mean_ep  -0.023  MMER   0.052  eps   64     4769 steps/s
ep  122 steps   1.00M  mean_ep   0.007  MMER   0.052  eps   64     4769 steps/s
ep  123 steps   1.01M  mean_ep     nan  MMER   0.052  eps    0     4770 steps/s
ep  124 steps   1.02M  mean_ep  -0.064  MMER   0.052  eps   64     4770 steps/s
ep  125 steps   1.02M  mean_ep  -0.000  MMER   0.052  eps   64     4771 steps/s
ep  126 steps   1.03M  mean_ep     nan  MMER   0.052  eps    0     4771 steps/s
ep  127 steps   1.04M  mean_ep  -0.004  MMER   0.052  eps   64     4771 steps/s
ep  128 steps   1.05M  mean_ep     nan  MMER   0.052  eps    0     4771 steps/s
ep  129 steps   1.06M  mean_ep   0.025  MMER   0.052  eps   64     4771 steps/s
ep  130 steps   1.06M  mean_ep   0.056  MMER   0.056  eps   64     4772 steps/s
ep  131 steps   1.07M  mean_ep     nan  MMER   0.056  eps    0     4773 steps/s
ep  132 steps   1.08M  mean_ep  -0.003  MMER   0.056  eps   64     4773 steps/s
ep  133 steps   1.09M  mean_ep   0.034  MMER   0.056  eps   64     4773 steps/s
ep  134 steps   1.10M  mean_ep     nan  MMER   0.056  eps    0     4773 steps/s
ep  135 steps   1.11M  mean_ep  -0.027  MMER   0.056  eps   64     4774 steps/s
ep  136 steps   1.11M  mean_ep  -0.017  MMER   0.056  eps   64     4772 steps/s
ep  137 steps   1.12M  mean_ep     nan  MMER   0.056  eps    0     4772 steps/s
ep  138 steps   1.13M  mean_ep   0.003  MMER   0.056  eps   64     4771 steps/s
ep  139 steps   1.14M  mean_ep     nan  MMER   0.056  eps    0     4771 steps/s
ep  140 steps   1.15M  mean_ep  -0.046  MMER   0.056  eps   64     4771 steps/s
ep  141 steps   1.16M  mean_ep  -0.038  MMER   0.056  eps   64     4771 steps/s
ep  142 steps   1.16M  mean_ep     nan  MMER   0.056  eps    0     4772 steps/s
ep  143 steps   1.17M  mean_ep   0.021  MMER   0.056  eps   64     4772 steps/s
ep  144 steps   1.18M  mean_ep   0.011  MMER   0.056  eps   64     4772 steps/s
ep  145 steps   1.19M  mean_ep     nan  MMER   0.056  eps    0     4773 steps/s
ep  146 steps   1.20M  mean_ep   0.009  MMER   0.056  eps   64     4773 steps/s
ep  147 steps   1.20M  mean_ep  -0.035  MMER   0.056  eps   64     4774 steps/s
ep  148 steps   1.21M  mean_ep     nan  MMER   0.056  eps    0     4774 steps/s
ep  149 steps   1.22M  mean_ep  -0.020  MMER   0.056  eps   64     4775 steps/s
ep  150 steps   1.23M  mean_ep   0.016  MMER   0.056  eps   64     4774 steps/s
ep  151 steps   1.24M  mean_ep     nan  MMER   0.056  eps    0     4774 steps/s
ep  152 steps   1.25M  mean_ep   0.013  MMER   0.056  eps   64     4773 steps/s
ep  153 steps   1.25M  mean_ep     nan  MMER   0.056  eps    0     4773 steps/s
ep  154 steps   1.26M  mean_ep  -0.014  MMER   0.056  eps   64     4774 steps/s
ep  155 steps   1.27M  mean_ep  -0.029  MMER   0.056  eps   64     4774 steps/s
ep  156 steps   1.28M  mean_ep     nan  MMER   0.056  eps    0     4774 steps/s
ep  157 steps   1.29M  mean_ep  -0.003  MMER   0.056  eps   64     4775 steps/s
ep  158 steps   1.29M  mean_ep   0.008  MMER   0.056  eps   64     4775 steps/s
ep  159 steps   1.30M  mean_ep     nan  MMER   0.056  eps    0     4776 steps/s
ep  160 steps   1.31M  mean_ep  -0.010  MMER   0.056  eps   64     4777 steps/s
ep  161 steps   1.32M  mean_ep   0.046  MMER   0.056  eps   64     4778 steps/s
ep  162 steps   1.33M  mean_ep     nan  MMER   0.056  eps    0     4778 steps/s
ep  163 steps   1.34M  mean_ep  -0.012  MMER   0.056  eps   64     4778 steps/s
ep  164 steps   1.34M  mean_ep     nan  MMER   0.056  eps    0     4779 steps/s
ep  165 steps   1.35M  mean_ep  -0.027  MMER   0.056  eps   64     4779 steps/s
ep  166 steps   1.36M  mean_ep  -0.005  MMER   0.056  eps   64     4780 steps/s
ep  167 steps   1.37M  mean_ep     nan  MMER   0.056  eps    0     4781 steps/s
ep  168 steps   1.38M  mean_ep  -0.022  MMER   0.056  eps   64     4781 steps/s
ep  169 steps   1.38M  mean_ep   0.012  MMER   0.056  eps   64     4782 steps/s
ep  170 steps   1.39M  mean_ep     nan  MMER   0.056  eps    0     4781 steps/s
ep  171 steps   1.40M  mean_ep   0.012  MMER   0.056  eps   64     4781 steps/s
ep  172 steps   1.41M  mean_ep  -0.040  MMER   0.056  eps   64     4782 steps/s
ep  173 steps   1.42M  mean_ep     nan  MMER   0.056  eps    0     4782 steps/s
ep  174 steps   1.43M  mean_ep   0.037  MMER   0.056  eps   64     4782 steps/s
ep  175 steps   1.43M  mean_ep  -0.013  MMER   0.056  eps   64     4782 steps/s
ep  176 steps   1.44M  mean_ep     nan  MMER   0.056  eps    0     4783 steps/s
ep  177 steps   1.45M  mean_ep  -0.048  MMER   0.056  eps   64     4783 steps/s
ep  178 steps   1.46M  mean_ep     nan  MMER   0.056  eps    0     4784 steps/s
ep  179 steps   1.47M  mean_ep   0.043  MMER   0.056  eps   64     4784 steps/s
ep  180 steps   1.47M  mean_ep   0.001  MMER   0.056  eps   64     4784 steps/s
ep  181 steps   1.48M  mean_ep     nan  MMER   0.056  eps    0     4785 steps/s
ep  182 steps   1.49M  mean_ep  -0.008  MMER   0.056  eps   64     4785 steps/s
ep  183 steps   1.50M  mean_ep  -0.022  MMER   0.056  eps   64     4786 steps/s
ep  184 steps   1.51M  mean_ep     nan  MMER   0.056  eps    0     4786 steps/s
ep  185 steps   1.52M  mean_ep   0.007  MMER   0.056  eps   64     4787 steps/s
ep  186 steps   1.52M  mean_ep  -0.039  MMER   0.056  eps   64     4787 steps/s
ep  187 steps   1.53M  mean_ep     nan  MMER   0.056  eps    0     4785 steps/s
ep  188 steps   1.54M  mean_ep  -0.010  MMER   0.056  eps   64     4786 steps/s
ep  189 steps   1.55M  mean_ep     nan  MMER   0.056  eps    0     4786 steps/s
ep  190 steps   1.56M  mean_ep  -0.017  MMER   0.056  eps   64     4787 steps/s
ep  191 steps   1.56M  mean_ep  -0.012  MMER   0.056  eps   64     4787 steps/s
ep  192 steps   1.57M  mean_ep     nan  MMER   0.056  eps    0     4787 steps/s
ep  193 steps   1.58M  mean_ep   0.069  MMER   0.069  eps   64     4787 steps/s
ep  194 steps   1.59M  mean_ep  -0.021  MMER   0.069  eps   64     4788 steps/s
ep  195 steps   1.60M  mean_ep     nan  MMER   0.069  eps    0     4788 steps/s
ep  196 steps   1.61M  mean_ep  -0.014  MMER   0.069  eps   64     4789 steps/s
ep  197 steps   1.61M  mean_ep   0.011  MMER   0.069  eps   64     4789 steps/s
ep  198 steps   1.62M  mean_ep     nan  MMER   0.069  eps    0     4789 steps/s
ep  199 steps   1.63M  mean_ep  -0.023  MMER   0.069  eps   64     4789 steps/s
ep  200 steps   1.64M  mean_ep  -0.007  MMER   0.069  eps   64     4790 steps/s
ep  201 steps   1.65M  mean_ep     nan  MMER   0.069  eps    0     4790 steps/s
ep  202 steps   1.65M  mean_ep   0.013  MMER   0.069  eps   64     4791 steps/s
ep  203 steps   1.66M  mean_ep     nan  MMER   0.069  eps    0     4789 steps/s
ep  204 steps   1.67M  mean_ep   0.038  MMER   0.069  eps   64     4790 steps/s
ep  205 steps   1.68M  mean_ep   0.010  MMER   0.069  eps   64     4790 steps/s
ep  206 steps   1.69M  mean_ep     nan  MMER   0.069  eps    0     4791 steps/s
ep  207 steps   1.70M  mean_ep   0.025  MMER   0.069  eps   64     4791 steps/s
ep  208 steps   1.70M  mean_ep   0.012  MMER   0.069  eps   64     4791 steps/s
ep  209 steps   1.71M  mean_ep     nan  MMER   0.069  eps    0     4791 steps/s
ep  210 steps   1.72M  mean_ep   0.017  MMER   0.069  eps   64     4791 steps/s
ep  211 steps   1.73M  mean_ep   0.015  MMER   0.069  eps   64     4791 steps/s
ep  212 steps   1.74M  mean_ep     nan  MMER   0.069  eps    0     4792 steps/s
ep  213 steps   1.74M  mean_ep   0.057  MMER   0.069  eps   64     4792 steps/s
ep  214 steps   1.75M  mean_ep     nan  MMER   0.069  eps    0     4792 steps/s
ep  215 steps   1.76M  mean_ep   0.009  MMER   0.069  eps   64     4792 steps/s
ep  216 steps   1.77M  mean_ep  -0.010  MMER   0.069  eps   64     4793 steps/s
ep  217 steps   1.78M  mean_ep     nan  MMER   0.069  eps    0     4793 steps/s
ep  218 steps   1.79M  mean_ep   0.022  MMER   0.069  eps   64     4793 steps/s
ep  219 steps   1.79M  mean_ep  -0.037  MMER   0.069  eps   64     4794 steps/s
ep  220 steps   1.80M  mean_ep     nan  MMER   0.069  eps    0     4794 steps/s
ep  221 steps   1.81M  mean_ep   0.013  MMER   0.069  eps   64     4793 steps/s
ep  222 steps   1.82M  mean_ep  -0.033  MMER   0.069  eps   64     4793 steps/s
ep  223 steps   1.83M  mean_ep     nan  MMER   0.069  eps    0     4793 steps/s
ep  224 steps   1.84M  mean_ep  -0.006  MMER   0.069  eps   64     4793 steps/s
ep  225 steps   1.84M  mean_ep   0.012  MMER   0.069  eps   64     4794 steps/s
ep  226 steps   1.85M  mean_ep     nan  MMER   0.069  eps    0     4794 steps/s
ep  227 steps   1.86M  mean_ep  -0.040  MMER   0.069  eps   64     4794 steps/s
ep  228 steps   1.87M  mean_ep     nan  MMER   0.069  eps    0     4794 steps/s
ep  229 steps   1.88M  mean_ep   0.042  MMER   0.069  eps   64     4794 steps/s
ep  230 steps   1.88M  mean_ep  -0.018  MMER   0.069  eps   64     4795 steps/s
ep  231 steps   1.89M  mean_ep     nan  MMER   0.069  eps    0     4795 steps/s
ep  232 steps   1.90M  mean_ep   0.018  MMER   0.069  eps   64     4795 steps/s
ep  233 steps   1.91M  mean_ep   0.067  MMER   0.069  eps   64     4795 steps/s
ep  234 steps   1.92M  mean_ep     nan  MMER   0.069  eps    0     4795 steps/s
ep  235 steps   1.93M  mean_ep   0.003  MMER   0.069  eps   64     4795 steps/s
ep  236 steps   1.93M  mean_ep  -0.007  MMER   0.069  eps   64     4795 steps/s
ep  237 steps   1.94M  mean_ep     nan  MMER   0.069  eps    0     4795 steps/s
ep  238 steps   1.95M  mean_ep  -0.012  MMER   0.069  eps   64     4794 steps/s
ep  239 steps   1.96M  mean_ep     nan  MMER   0.069  eps    0     4794 steps/s
ep  240 steps   1.97M  mean_ep  -0.037  MMER   0.069  eps   64     4794 steps/s
ep  241 steps   1.97M  mean_ep  -0.006  MMER   0.069  eps   64     4795 steps/s
ep  242 steps   1.98M  mean_ep     nan  MMER   0.069  eps    0     4795 steps/s
ep  243 steps   1.99M  mean_ep   0.011  MMER   0.069  eps   64     4795 steps/s
ep  244 steps   2.00M  mean_ep  -0.014  MMER   0.069  eps   64     4795 steps/s
ep  245 steps   2.01M  mean_ep     nan  MMER   0.069  eps    0     4795 steps/s
ep  246 steps   2.02M  mean_ep  -0.023  MMER   0.069  eps   64     4795 steps/s
ep  247 steps   2.02M  mean_ep  -0.044  MMER   0.069  eps   64     4795 steps/s
ep  248 steps   2.03M  mean_ep     nan  MMER   0.069  eps    0     4796 steps/s
ep  249 steps   2.04M  mean_ep   0.032  MMER   0.069  eps   64     4796 steps/s
ep  250 steps   2.05M  mean_ep   0.016  MMER   0.069  eps   64     4796 steps/s
ep  251 steps   2.06M  mean_ep     nan  MMER   0.069  eps    0     4796 steps/s
ep  252 steps   2.06M  mean_ep   0.022  MMER   0.069  eps   64     4796 steps/s
ep  253 steps   2.07M  mean_ep     nan  MMER   0.069  eps    0     4797 steps/s
ep  254 steps   2.08M  mean_ep   0.015  MMER   0.069  eps   64     4796 steps/s
ep  255 steps   2.09M  mean_ep  -0.030  MMER   0.069  eps   64     4796 steps/s
ep  256 steps   2.10M  mean_ep     nan  MMER   0.069  eps    0     4796 steps/s
ep  257 steps   2.11M  mean_ep  -0.013  MMER   0.069  eps   64     4796 steps/s
ep  258 steps   2.11M  mean_ep  -0.019  MMER   0.069  eps   64     4796 steps/s
ep  259 steps   2.12M  mean_ep     nan  MMER   0.069  eps    0     4796 steps/s
ep  260 steps   2.13M  mean_ep  -0.037  MMER   0.069  eps   64     4797 steps/s
ep  261 steps   2.14M  mean_ep   0.015  MMER   0.069  eps   64     4797 steps/s
ep  262 steps   2.15M  mean_ep     nan  MMER   0.069  eps    0     4797 steps/s
ep  263 steps   2.15M  mean_ep   0.017  MMER   0.069  eps   64     4797 steps/s
ep  264 steps   2.16M  mean_ep     nan  MMER   0.069  eps    0     4797 steps/s
ep  265 steps   2.17M  mean_ep   0.068  MMER   0.069  eps   64     4797 steps/s
ep  266 steps   2.18M  mean_ep  -0.064  MMER   0.069  eps   64     4798 steps/s
ep  267 steps   2.19M  mean_ep     nan  MMER   0.069  eps    0     4798 steps/s
ep  268 steps   2.20M  mean_ep   0.015  MMER   0.069  eps   64     4798 steps/s
ep  269 steps   2.20M  mean_ep   0.050  MMER   0.069  eps   64     4798 steps/s
ep  270 steps   2.21M  mean_ep     nan  MMER   0.069  eps    0     4797 steps/s
ep  271 steps   2.22M  mean_ep  -0.022  MMER   0.069  eps   64     4796 steps/s
ep  272 steps   2.23M  mean_ep  -0.012  MMER   0.069  eps   64     4793 steps/s
ep  273 steps   2.24M  mean_ep     nan  MMER   0.069  eps    0     4792 steps/s
ep  274 steps   2.24M  mean_ep   0.044  MMER   0.069  eps   64     4791 steps/s
ep  275 steps   2.25M  mean_ep  -0.007  MMER   0.069  eps   64     4789 steps/s
ep  276 steps   2.26M  mean_ep     nan  MMER   0.069  eps    0     4788 steps/s
ep  277 steps   2.27M  mean_ep   0.004  MMER   0.069  eps   64     4787 steps/s
ep  278 steps   2.28M  mean_ep     nan  MMER   0.069  eps    0     4786 steps/s
ep  279 steps   2.29M  mean_ep  -0.018  MMER   0.069  eps   64     4786 steps/s
ep  280 steps   2.29M  mean_ep  -0.009  MMER   0.069  eps   64     4786 steps/s
ep  281 steps   2.30M  mean_ep     nan  MMER   0.069  eps    0     4786 steps/s
ep  282 steps   2.31M  mean_ep  -0.028  MMER   0.069  eps   64     4786 steps/s
ep  283 steps   2.32M  mean_ep  -0.040  MMER   0.069  eps   64     4786 steps/s
ep  284 steps   2.33M  mean_ep     nan  MMER   0.069  eps    0     4786 steps/s
ep  285 steps   2.33M  mean_ep   0.001  MMER   0.069  eps   64     4786 steps/s
ep  286 steps   2.34M  mean_ep   0.012  MMER   0.069  eps   64     4786 steps/s
ep  287 steps   2.35M  mean_ep     nan  MMER   0.069  eps    0     4786 steps/s
ep  288 steps   2.36M  mean_ep   0.055  MMER   0.069  eps   64     4787 steps/s
ep  289 steps   2.37M  mean_ep     nan  MMER   0.069  eps    0     4786 steps/s
ep  290 steps   2.38M  mean_ep  -0.031  MMER   0.069  eps   64     4786 steps/s
ep  291 steps   2.38M  mean_ep  -0.004  MMER   0.069  eps   64     4786 steps/s
ep  292 steps   2.39M  mean_ep     nan  MMER   0.069  eps    0     4786 steps/s
ep  293 steps   2.40M  mean_ep  -0.015  MMER   0.069  eps   64     4786 steps/s
ep  294 steps   2.41M  mean_ep   0.051  MMER   0.069  eps   64     4786 steps/s
ep  295 steps   2.42M  mean_ep     nan  MMER   0.069  eps    0     4787 steps/s
ep  296 steps   2.42M  mean_ep   0.027  MMER   0.069  eps   64     4787 steps/s
ep  297 steps   2.43M  mean_ep  -0.018  MMER   0.069  eps   64     4787 steps/s
ep  298 steps   2.44M  mean_ep     nan  MMER   0.069  eps    0     4787 steps/s
ep  299 steps   2.45M  mean_ep  -0.045  MMER   0.069  eps   64     4787 steps/s
ep  300 steps   2.46M  mean_ep  -0.050  MMER   0.069  eps   64     4787 steps/s
ep  301 steps   2.47M  mean_ep     nan  MMER   0.069  eps    0     4788 steps/s
ep  302 steps   2.47M  mean_ep  -0.002  MMER   0.069  eps   64     4788 steps/s
ep  303 steps   2.48M  mean_ep     nan  MMER   0.069  eps    0     4788 steps/s
ep  304 steps   2.49M  mean_ep   0.072  MMER   0.072  eps   64     4788 steps/s
ep  305 steps   2.50M  mean_ep  -0.046  MMER   0.072  eps   64     4787 steps/s
ep  306 steps   2.51M  mean_ep     nan  MMER   0.072  eps    0     4788 steps/s
ep  307 steps   2.51M  mean_ep   0.017  MMER   0.072  eps   64     4788 steps/s
ep  308 steps   2.52M  mean_ep   0.007  MMER   0.072  eps   64     4788 steps/s
ep  309 steps   2.53M  mean_ep     nan  MMER   0.072  eps    0     4788 steps/s
ep  310 steps   2.54M  mean_ep   0.007  MMER   0.072  eps   64     4788 steps/s
ep  311 steps   2.55M  mean_ep  -0.005  MMER   0.072  eps   64     4789 steps/s
ep  312 steps   2.56M  mean_ep     nan  MMER   0.072  eps    0     4789 steps/s
ep  313 steps   2.56M  mean_ep   0.080  MMER   0.080  eps   64     4789 steps/s
ep  314 steps   2.57M  mean_ep     nan  MMER   0.080  eps    0     4789 steps/s
ep  315 steps   2.58M  mean_ep   0.017  MMER   0.080  eps   64     4789 steps/s
ep  316 steps   2.59M  mean_ep   0.047  MMER   0.080  eps   64     4789 steps/s
ep  317 steps   2.60M  mean_ep     nan  MMER   0.080  eps    0     4789 steps/s
ep  318 steps   2.61M  mean_ep   0.040  MMER   0.080  eps   64     4790 steps/s
ep  319 steps   2.61M  mean_ep   0.074  MMER   0.080  eps   64     4790 steps/s
ep  320 steps   2.62M  mean_ep     nan  MMER   0.080  eps    0     4790 steps/s
ep  321 steps   2.63M  mean_ep   0.052  MMER   0.080  eps   64     4790 steps/s
ep  322 steps   2.64M  mean_ep   0.158  MMER   0.158  eps   64     4790 steps/s
ep  323 steps   2.65M  mean_ep     nan  MMER   0.158  eps    0     4790 steps/s
ep  324 steps   2.65M  mean_ep   0.078  MMER   0.158  eps   64     4790 steps/s
ep  325 steps   2.66M  mean_ep   0.017  MMER   0.158  eps   64     4790 steps/s
ep  326 steps   2.67M  mean_ep     nan  MMER   0.158  eps    0     4790 steps/s
ep  327 steps   2.68M  mean_ep   0.095  MMER   0.158  eps   64     4789 steps/s
ep  328 steps   2.69M  mean_ep     nan  MMER   0.158  eps    0     4790 steps/s
ep  329 steps   2.70M  mean_ep   0.147  MMER   0.158  eps   64     4790 steps/s
ep  330 steps   2.70M  mean_ep   0.098  MMER   0.158  eps   64     4790 steps/s
ep  331 steps   2.71M  mean_ep     nan  MMER   0.158  eps    0     4790 steps/s
ep  332 steps   2.72M  mean_ep   0.223  MMER   0.223  eps   64     4790 steps/s
ep  333 steps   2.73M  mean_ep   0.231  MMER   0.231  eps   64     4790 steps/s
ep  334 steps   2.74M  mean_ep     nan  MMER   0.231  eps    0     4791 steps/s
ep  335 steps   2.74M  mean_ep   0.160  MMER   0.231  eps   64     4791 steps/s
ep  336 steps   2.75M  mean_ep   0.135  MMER   0.231  eps   64     4791 steps/s
ep  337 steps   2.76M  mean_ep     nan  MMER   0.231  eps    0     4792 steps/s
ep  338 steps   2.77M  mean_ep   0.242  MMER   0.242  eps   64     4792 steps/s
ep  339 steps   2.78M  mean_ep     nan  MMER   0.242  eps    0     4792 steps/s
ep  340 steps   2.79M  mean_ep   0.148  MMER   0.242  eps   64     4791 steps/s
ep  341 steps   2.79M  mean_ep   0.170  MMER   0.242  eps   64     4791 steps/s
ep  342 steps   2.80M  mean_ep     nan  MMER   0.242  eps    0     4791 steps/s
ep  343 steps   2.81M  mean_ep   0.249  MMER   0.249  eps   64     4792 steps/s
ep  344 steps   2.82M  mean_ep   0.192  MMER   0.249  eps   64     4792 steps/s
ep  345 steps   2.83M  mean_ep     nan  MMER   0.249  eps    0     4792 steps/s
ep  346 steps   2.83M  mean_ep   0.177  MMER   0.249  eps   64     4792 steps/s
ep  347 steps   2.84M  mean_ep   0.257  MMER   0.257  eps   64     4792 steps/s
ep  348 steps   2.85M  mean_ep     nan  MMER   0.257  eps    0     4792 steps/s
ep  349 steps   2.86M  mean_ep   0.216  MMER   0.257  eps   64     4792 steps/s
ep  350 steps   2.87M  mean_ep   0.187  MMER   0.257  eps   64     4792 steps/s
ep  351 steps   2.88M  mean_ep     nan  MMER   0.257  eps    0     4792 steps/s
ep  352 steps   2.88M  mean_ep   0.152  MMER   0.257  eps   64     4793 steps/s
ep  353 steps   2.89M  mean_ep     nan  MMER   0.257  eps    0     4793 steps/s
ep  354 steps   2.90M  mean_ep   0.134  MMER   0.257  eps   64     4793 steps/s
ep  355 steps   2.91M  mean_ep   0.059  MMER   0.257  eps   64     4794 steps/s
ep  356 steps   2.92M  mean_ep     nan  MMER   0.257  eps    0     4793 steps/s
ep  357 steps   2.92M  mean_ep   0.256  MMER   0.257  eps   64     4793 steps/s
ep  358 steps   2.93M  mean_ep   0.202  MMER   0.257  eps   64     4793 steps/s
ep  359 steps   2.94M  mean_ep     nan  MMER   0.257  eps    0     4794 steps/s
ep  360 steps   2.95M  mean_ep   0.133  MMER   0.257  eps   64     4794 steps/s
ep  361 steps   2.96M  mean_ep   0.190  MMER   0.257  eps   64     4794 steps/s
ep  362 steps   2.97M  mean_ep     nan  MMER   0.257  eps    0     4794 steps/s
ep  363 steps   2.97M  mean_ep   0.206  MMER   0.257  eps   64     4794 steps/s
ep  364 steps   2.98M  mean_ep     nan  MMER   0.257  eps    0     4794 steps/s
ep  365 steps   2.99M  mean_ep   0.289  MMER   0.289  eps   64     4795 steps/s
ep  366 steps   3.00M  mean_ep   0.254  MMER   0.289  eps   64     4795 steps/s
ep  367 steps   3.01M  mean_ep     nan  MMER   0.289  eps    0     4795 steps/s
done: MMER 0.289 in 627s
